Successfully created virtual environment!
Virtualenv location: C:\Users\Dinossauro Bebado\.virtualenvs\Django-y4TLPaLX
Creating a Pipfile for this project...
Installing requests...
Adding requests to Pipfile's [packages]...
Installation Succeeded
Pipfile.lock not found, creating...
Locking [dev-packages] dependencies...
Locking [packages] dependencies...
           Building requirements...
Resolving dependencies...
Success!
Updated Pipfile.lock (fe5a22)!
Installing dependencies from Pipfile.lock (fe5a22)...
  ================================ 0/0 - 00:00:00
To activate this project's virtualenv, run pipenv shell.
Alternatively, run a command inside the virtualenv with pipenv run.
PS D:\Dinossauro Bebado\Anubis\GUILHERME PIRES 20_\PROJETOS_.0\Tech\Programação_\Python_\Django>

PS D:\Dinossauro Bebado\Anubis\GUILHERME PIRES 20_\PROJETOS_.0\Tech\Programação_\Python_\Django> pip freeze
certifi==2021.10.8
charset-normalizer==2.0.12
idna==3.3
requests==2.27.1
urllib3==1.26.8

PS D:\Dinossauro Bebado\Anubis\GUILHERME PIRES 20_\PROJETOS_.0\Tech\Programação_\Python_\Django\Init\source> python manage.py runserver
PS D:\Dinossauro Bebado\Anubis\GUILHERME PIRES 20_\PROJETOS_.0\Tech\Programação_\Python_\Django\Init\source> python manage.py migrate

PS D:\Dinossauro Bebado\Anubis\GUILHERME PIRES 20_\PROJETOS_.0\Tech\Programação_\Python_\Django\Init\source> python manage.py createsuperuser
dinossaurobebado
initdjango

PS D:\Dinossauro Bebado\Anubis\GUILHERME PIRES 20_\PROJETOS_.0\Tech\Programação_\Python_\Django\Init\source> python manage.py startapp products       
PS D:\Dinossauro Bebado\Anubis\GUILHERME PIRES 20_\PROJETOS_.0\Tech\Programação_\Python_\Django\Init\source> python manage.py makemigrations          
Migrations for 'products':
  products\migrations\0001_initial.py
    - Create model Product

    PS D:\Dinossauro Bebado\Anubis\GUILHERME PIRES 20_\PROJETOS_.0\Tech\Programação_\Python_\Django\Init\source> python manage.py shell